################################################################################
#                                                                              #
#      IAR Universal Linker V6.5.1.95                                          #
#                                                                              #
#           Link time     =  24/Mar/2019  18:58:21                             #
#           Target CPU    =  MSP430                                            #
#           List file     =  "C:\Users\CHK\Documents\IAR Embedded Workbench\Sa #
#                            mple 3_7\Debug\List\LED Tube.map"                 #
#           Output file 1 =  "C:\Users\CHK\Documents\IAR Embedded Workbench\Sa #
#                            mple 3_7\Debug\Exe\LED Tube.d90"                  #
#                            Format: ubrof8                                    #
#                            UBROF version 8.0.2                               #
#           Command line  =  -f C:\Users\CHK\AppData\Local\Temp\EW3B7C.tmp     #
#                            ("C:\Users\CHK\Documents\IAR Embedded Workbench\S #
#                            ample 3_7\Debug\Obj\main.r43"                     #
#                            "C:\Users\CHK\Documents\IAR Embedded Workbench\Sa #
#                            mple 3_7\Debug\Obj\tube.r43"                      #
#                            -o                                                #
#                            "C:\Users\CHK\Documents\IAR Embedded Workbench\Sa #
#                            mple 3_7\Debug\Exe\LED Tube.d90"                  #
#                            -Fubrof8 -l                                       #
#                            "C:\Users\CHK\Documents\IAR Embedded Workbench\Sa #
#                            mple 3_7\Debug\List\LED Tube.map"                 #
#                            -xms                                              #
#                            "-IC:\Program Files (x86)\IAR Systems\Embedded Wo #
#                            rkbench 8.0\430\LIB\"                             #
#                            -f                                                #
#                            "C:\Program Files (x86)\IAR Systems\Embedded Work #
#                            bench 8.0\430\config\linker\lnk430f249.xcl"       #
#                            (-cmsp430 -QCODE_I=CODE_ID -QTLS16_I=TLS16_ID     #
#                            -D__iar_HWMUL=130 -Z(CONST)INFO=1000-10FF         #
#                            -Z(CONST)INFOA=10C0-10FF                          #
#                            -Z(CONST)INFOB=1080-10BF                          #
#                            -Z(CONST)INFOC=1040-107F                          #
#                            -Z(CONST)INFOD=1000-103F                          #
#                            -Z(DATA)DATA16_I,DATA16_Z,DATA16_N,TLS16_I=0200-0 #
#                            9FF                                               #
#                            -Z(DATA)DATA16_HEAP+_DATA16_HEAP_SIZE             #
#                            -Z(DATA)CODE_I -Z(DATA)CSTACK+_STACK_SIZE#        #
#                            -Z(CONST)DATA16_C,DATA16_ID,TLS16_ID,DIFUNCT,CHEC #
#                            KSUM=1100-FFBF                                    #
#                            -Z(CODE)CSTART,ISR_CODE,CODE_ID=1100-FFBF         #
#                            -P(CODE)CODE=1100-FFBF                            #
#                            -Z(CONST)SIGNATURE=FFDE-FFDF                      #
#                            -Z(CODE)INTVEC=FFC0-FFFF                          #
#                            -Z(CODE)RESET=FFFE-FFFF) -f                       #
#                            "C:\Program Files (x86)\IAR Systems\Embedded Work #
#                            bench 8.0\430\config\linker\multiplier.xcl"       #
#                            (-e?Mul8Hw=?Mul8 -e?Mul16Hw=?Mul16                #
#                            -e?Mul16to32uHw=?Mul16to32u                       #
#                            -e?Mul16to32sHw=?Mul16to32s -e?Mul32Hw=?Mul32     #
#                            -e_Mul64iHw=_Mul64i                               #
#                            -e_Mul32u32uto64iHw=_Mul32u32uto64i               #
#                            -e?Mul32fHw=_Mul32f -e_Mul64fHwPtr=_Mul64fPtr)    #
#                            -D_STACK_SIZE=50                                  #
#                            "C:\Program Files (x86)\IAR Systems\Embedded Work #
#                            bench 8.0\430\lib\dlib\dl430fn.r43"               #
#                            -e_PrintfLarge=_Printf -e_ScanfLarge=_Scanf       #
#                            -D_DATA16_HEAP_SIZE=50 -s __program_start         #
#                            -D_DATA20_HEAP_SIZE=50)                           #
#                                                                              #
#                           Copyright (C) 1987-2016 IAR Systems AB.            #
################################################################################





                ****************************************
                *                                      *
                *           CROSS REFERENCE            *
                *                                      *
                ****************************************

       Program entry at :           1110  Relocatable, from module : ?cstart




                ****************************************
                *                                      *
                *            RUNTIME MODEL             *
                *                                      *
                ****************************************

  __Heap_Handler             = Basic
  __SystemLibrary            = DLib
  __core                     = 430
  __dlib_file_descriptor     = 0
  __dlib_full_locale_support = 0
  __double_size              = 32
  __pic                      = no
  __reg_r4                   = free
  __reg_r5                   = free
  __rt_version               = 3

                ****************************************
                *                                      *
                *    AUTOMATIC SYMBOL REDIRECTIONS     *
                *                                      *
                ****************************************

                  There are no automatic symbol redirections.



                ****************************************
                *                                      *
                *              MODULE MAP              *
                *                                      *
                ****************************************


  DEFINED ABSOLUTE ENTRIES
    *************************************************************************

  DEFINED ABSOLUTE ENTRIES
  PROGRAM MODULE, NAME : ?ABS_ENTRY_MOD

Absolute parts
           ENTRY                   ADDRESS         REF BY
           =====                   =======         ======
           _DATA20_HEAP_SIZE       0050 
           _DATA16_HEAP_SIZE       0050 
           _STACK_SIZE             0050 
           __iar_HWMUL             0130 
    *************************************************************************

  FILE NAME : C:\Users\CHK\Documents\IAR Embedded Workbench\Sample 3_7\Debug\Obj\main.r43
  PROGRAM MODULE, NAME : main

  SEGMENTS IN THE MODULE
  ======================
DATA16_AN
  Relative segment, address: 0021 - 0021 (0x1 bytes), align: 0
  Segment part 1. ROOT        Intra module refs:   initialize
                                                   main
                                                   tube1 (tube)
                                                   tube2 (tube)
           ENTRY                   ADDRESS         REF BY
           =====                   =======         ======
           P1OUT                   0021 
    -------------------------------------------------------------------------
DATA16_AN
  Relative segment, address: 0022 - 0022 (0x1 bytes), align: 0
  Segment part 2. ROOT        Intra module refs:   initialize
           ENTRY                   ADDRESS         REF BY
           =====                   =======         ======
           P1DIR                   0022 
    -------------------------------------------------------------------------
DATA16_AN
  Relative segment, address: 0026 - 0026 (0x1 bytes), align: 0
  Segment part 3. ROOT        Intra module refs:   initialize
           ENTRY                   ADDRESS         REF BY
           =====                   =======         ======
           P1SEL                   0026 
    -------------------------------------------------------------------------
DATA16_AN
  Relative segment, address: 0029 - 0029 (0x1 bytes), align: 0
  Segment part 4. ROOT        Intra module refs:   initialize
                                                   main
           ENTRY                   ADDRESS         REF BY
           =====                   =======         ======
           P2OUT                   0029 
    -------------------------------------------------------------------------
DATA16_AN
  Relative segment, address: 002A - 002A (0x1 bytes), align: 0
  Segment part 5. ROOT        Intra module refs:   initialize
           ENTRY                   ADDRESS         REF BY
           =====                   =======         ======
           P2DIR                   002A 
    -------------------------------------------------------------------------
DATA16_AN
  Relative segment, address: 002B - 002B (0x1 bytes), align: 0
  Segment part 6. ROOT        Intra module refs:   Port_2
                                                   initialize
           ENTRY                   ADDRESS         REF BY
           =====                   =======         ======
           P2IFG                   002B 
    -------------------------------------------------------------------------
DATA16_AN
  Relative segment, address: 002C - 002C (0x1 bytes), align: 0
  Segment part 7. ROOT        Intra module refs:   initialize
           ENTRY                   ADDRESS         REF BY
           =====                   =======         ======
           P2IES                   002C 
    -------------------------------------------------------------------------
DATA16_AN
  Relative segment, address: 002D - 002D (0x1 bytes), align: 0
  Segment part 8. ROOT        Intra module refs:   initialize
           ENTRY                   ADDRESS         REF BY
           =====                   =======         ======
           P2IE                    002D 
    -------------------------------------------------------------------------
DATA16_AN
  Relative segment, address: 0120 - 0121 (0x2 bytes), align: 0
  Segment part 9. ROOT        Intra module refs:   initialize
                                                   main
           ENTRY                   ADDRESS         REF BY
           =====                   =======         ======
           WDTCTL                  0120 
    -------------------------------------------------------------------------
DATA16_Z
  Relative segment, address: 0200 - 0200 (0x1 bytes), align: 0
  Segment part 12.            Intra module refs:   Port_2
                                                   main
           ENTRY                   ADDRESS         REF BY
           =====                   =======         ======
           key                     0200 
    -------------------------------------------------------------------------
<CODE> 1 (was CODE)
  Relative segment, address: 126A - 1273 (0xa bytes), align: 1
  Segment part 13.            Intra module refs:   Port_2::??INTVEC 38
           ENTRY                   ADDRESS         REF BY
           =====                   =======         ======
           Port_2                  126A 
               interrupt function
    -------------------------------------------------------------------------
<CODE> 1 (was CODE)
  Relative segment, address: 125E - 1269 (0xc bytes), align: 1
  Segment part 14.            Intra module refs:   main
           ENTRY                   ADDRESS         REF BY
           =====                   =======         ======
           delayus                 125E 
    -------------------------------------------------------------------------
<CODE> 1 (was CODE)
  Relative segment, address: 11CE - 11FB (0x2e bytes), align: 1
  Segment part 15.            Intra module refs:   main
           ENTRY                   ADDRESS         REF BY
           =====                   =======         ======
           initialize              11CE 
    -------------------------------------------------------------------------
<CODE> 1 (was CODE)
  Relative segment, address: 1128 - 119D (0x76 bytes), align: 1
  Segment part 16.
           ENTRY                   ADDRESS         REF BY
           =====                   =======         ======
           main                    1128            Segment part 19 (?cstart)
               calls direct
    -------------------------------------------------------------------------
INTVEC
  Common segment, address: FFC0 - FFE7 (0x28 bytes), align: 1
  Segment part 10. ROOT 
           ENTRY                   ADDRESS         REF BY
           =====                   =======         ======
           Port_2::??INTVEC 38     FFE6 

    *************************************************************************

  FILE NAME : C:\Users\CHK\Documents\IAR Embedded Workbench\Sample 3_7\Debug\Obj\tube.r43
  PROGRAM MODULE, NAME : tube

  SEGMENTS IN THE MODULE
  ======================
DATA16_C
  Relative segment, address: 1100 - 110F (0x10 bytes), align: 0
  Segment part 3.             Intra module refs:   tube1
                                                   tube2
           ENTRY                   ADDRESS         REF BY
           =====                   =======         ======
           LED_Lib                 1100 
    -------------------------------------------------------------------------
<CODE> 1 (was CODE)
  Relative segment, address: 123C - 124D (0x12 bytes), align: 1
  Segment part 4.
           ENTRY                   ADDRESS         REF BY
           =====                   =======         ======
           tube1                   123C            main (main)
               calls direct
    -------------------------------------------------------------------------
<CODE> 1 (was CODE)
  Relative segment, address: 11FC - 121F (0x24 bytes), align: 1
  Segment part 5.
           ENTRY                   ADDRESS         REF BY
           =====                   =======         ======
           tube2                   11FC            main (main)
               calls direct

    *************************************************************************

  FILE NAME : C:\Program Files (x86)\IAR Systems\Embedded Workbench 8.0\430\lib\dlib\dl430fn.r43
  LIBRARY MODULE, NAME : ?_exit

  SEGMENTS IN THE MODULE
  ======================
<CODE> 1 (was CODE)
  Relative segment, address: 1274, align: 1
  Segment part 0.
           ENTRY                   ADDRESS         REF BY
           =====                   =======         ======
           _exit                   1274            exit (?exit)
    -------------------------------------------------------------------------
<CODE> 1 (was CODE)
  Relative segment, address: 1274 - 1277 (0x4 bytes), align: 1
  Segment part 6.             Intra module refs:   _exit

    -------------------------------------------------------------------------
  LIBRARY MODULE, NAME : ?cstart

  SEGMENTS IN THE MODULE
  ======================
CSTACK
  Relative segment, address: 09B0, align: 1
  Segment part 1.
    -------------------------------------------------------------------------
DATA16_Z
  Relative segment, address: 0200, align: 1
  Segment part 2.
    -------------------------------------------------------------------------
CSTART
  Relative segment, address: 1110 - 1113 (0x4 bytes), align: 1
  Segment part 9.
           ENTRY                   ADDRESS         REF BY
           =====                   =======         ======
           __program_start         1110            ?reset_vector (?reset_vector)
                                                   Absolute parts (?ABS_ENTRY_MOD)
           ?cstart_begin           1110 
    -------------------------------------------------------------------------
CSTART
  Relative segment, address: 1114 - 111F (0xc bytes), align: 1
  Segment part 14.
           ENTRY                   ADDRESS         REF BY
           =====                   =======         ======
           ?cstart_init_zero       1114            key (main)
    -------------------------------------------------------------------------
CSTART
  Relative segment, address: 1120 - 1127 (0x8 bytes), align: 1
  Segment part 19.            Intra module refs:   Segment part 9
           ENTRY                   ADDRESS         REF BY
           =====                   =======         ======
           ?cstart_call_main       1120 
           ?cstart_end             1128 

    -------------------------------------------------------------------------
  LIBRARY MODULE, NAME : ?reset_vector

  SEGMENTS IN THE MODULE
  ======================
RESET
  Relative segment, address: FFFE - FFFF (0x2 bytes), align: 1
  Segment part 0.
           ENTRY                   ADDRESS         REF BY
           =====                   =======         ======
           ?reset_vector           FFFE            Segment part 9 (?cstart)

    -------------------------------------------------------------------------
  LIBRARY MODULE, NAME : ?exit

  SEGMENTS IN THE MODULE
  ======================
<CODE> 1 (was CODE)
  Relative segment, address: 1278 - 127B (0x4 bytes), align: 1
  Segment part 2.
           ENTRY                   ADDRESS         REF BY
           =====                   =======         ======
           exit                    1278            Segment part 19 (?cstart)
               calls direct

    -------------------------------------------------------------------------
  LIBRARY MODULE, NAME : ?DivMod816u

  SEGMENTS IN THE MODULE
  ======================
<CODE> 1 (was CODE)
  Relative segment, address: 1220 - 1223 (0x4 bytes), align: 1
  Segment part 0.
           ENTRY                   ADDRESS         REF BY
           =====                   =======         ======
           ?DivMod8u               1220            tube2 (tube)
    -------------------------------------------------------------------------
<CODE> 1 (was CODE)
  Relative segment, address: 1224 - 123B (0x18 bytes), align: 1
  Segment part 1.             Intra module refs:   ?DivMod8u
           ENTRY                   ADDRESS         REF BY
           =====                   =======         ======
           ?DivMod16u              1224            ?DivMod16s (?DivMod816s)

    -------------------------------------------------------------------------
  LIBRARY MODULE, NAME : ?DivMod816s

  SEGMENTS IN THE MODULE
  ======================
<CODE> 1 (was CODE)
  Relative segment, address: 119E - 11CD (0x30 bytes), align: 1
  Segment part 1.
           ENTRY                   ADDRESS         REF BY
           =====                   =======         ======
           ?DivMod16s              119E            tube1 (tube)

    -------------------------------------------------------------------------
  LIBRARY MODULE, NAME : ?memzero

  SEGMENTS IN THE MODULE
  ======================
<CODE> 1 (was CODE)
  Relative segment, address: 124E - 125D (0x10 bytes), align: 1
  Segment part 2.
           ENTRY                   ADDRESS         REF BY
           =====                   =======         ======
           __data16_memzero        124E            ?cstart_init_zero (?cstart)

    -------------------------------------------------------------------------
  LIBRARY MODULE, NAME : ?__exit

  SEGMENTS IN THE MODULE
  ======================
<CODE> 1 (was CODE)
  Relative segment, address: 127C - 127D (0x2 bytes), align: 1
  Segment part 2.
           ENTRY                   ADDRESS         REF BY
           =====                   =======         ======
           __exit                  127C            Segment part 6 (?_exit)
                                                   _exit (?_exit)




                ****************************************
                *                                      *
                *      SEGMENTS IN ADDRESS ORDER       *
                *                                      *
                ****************************************


SEGMENT              SPACE    START ADDRESS   END ADDRESS     SIZE  TYPE  ALIGN
=======              =====    =============   ===========     ====  ====  =====
DATA16_AN                              0021 - 0022               2   rel    0
                                       0026 - 0026               1 
                                       0029 - 002D               5 
                                       0120 - 0121               2 
DATA16_I                                  0200                       dse    0
DATA16_Z                               0200 - 0200               1   rel    1
CSTACK                                 09B0 - 09FF              50   rel    1
DATA16_C                               1100 - 110F              10   rel    0
CSTART                                 1110 - 1127              18   rel    1
<CODE> 1                               1128 - 127D             156   rel    1
INTVEC                                 FFC0 - FFE7              28   com    1
RESET                                  FFFE - FFFF               2   rel    1

                ****************************************
                *                                      *
                *        END OF CROSS REFERENCE        *
                *                                      *
                ****************************************

 408 bytes of CODE  memory
  81 bytes of DATA  memory (+ 10 absolute )
  16 bytes of CONST memory

Errors: none
Warnings: none

